// Jest Snapshot v1, https://goo.gl/fbAQLP

exports[`FullButton component renders correctly 1`] = `
<View
  accessibilityComponentType={undefined}
  accessibilityLabel={undefined}
  accessibilityTraits={undefined}
  accessible={true}
  hitSlop={undefined}
  isTVSelectable={true}
  nativeID={undefined}
  onLayout={undefined}
  onResponderGrant={[Function]}
  onResponderMove={[Function]}
  onResponderRelease={[Function]}
  onResponderTerminate={[Function]}
  onResponderTerminationRequest={[Function]}
  onStartShouldSetResponder={[Function]}
  style={
    Object {
      "backgroundColor": undefined,
      "borderBottomColor": undefined,
      "borderBottomWidth": 1,
      "borderTopColor": undefined,
      "borderTopWidth": 1,
      "marginVertical": 5,
      "opacity": 1,
    }
  }
  testID={undefined}
  tvParallaxProperties={undefined}
>
  <Text
    accessible={true}
    allowFontScaling={true}
    disabled={false}
    ellipsizeMode="tail"
    style={
      Object {
        "color": undefined,
        "fontFamily": "Avenir-Black",
        "fontSize": 14,
        "margin": 18,
        "textAlign": "center",
      }
    }
  >
    HI
  </Text>
</View>
`;
